[    0.000000] Initializing cgroup subsys cpuset
[    0.000000] Initializing cgroup subsys cpu
[    0.00000] Initializing cgroup subsys cpuacct
[    0.000000] Linux version 4.4.0-109-generic (buildd@lgw01-amd64-038) (gcc version 5.4.0 20160609 (Ubuntu 5.4.0-6ubuntu1~16.04.5) ) #132-Ubuntu SMP Tue Jan 9 19:52:39 UTC 2018 (Ubuntu 4.4.0-109.132-generic 4.4.98)
[    0.000000] Command line: BOOT_IMAGE=/boot/vmlinuz-4.4.0-109-generic root=LABEL=cloudimg-rootfs ro console=tty1 console=ttyS0
[    0.000000] KERNEL supported cpus:
[    0.000000]   Intel GenuineIntel
[    0.000000]   AMD AuthenticAMD
[    0.000000]   Centaur CentaurHauls
[    0.000000] x86/fpu: xstate_offset[2]:  576, xstate_sizes[2]:  256
[    0.000000] x86/fpu: Supporting XSAVE feature 0x01: 'x87 floating point registers'
[    0.000000] x86/fpu: Supporting XSAVE feature 0x02: 'SSE registers'
[    0.000000] x86/fpu: Supporting XSAVE feature 0x04: 'AVX registers'
[    0.000000] x86/fpu: Enabled xstate features 0x7, context size is 832 bytes, using 'standard' format.
[    0.000000] x86/fpu: Using 'lazy' FPU context switches.
[    0.000000] e820: BIOS-provided physical RAM map:
[    0.000000] BIOS-e820: [mem 0x0000000000000000-0x000000000009fbff] usable
[    0.000000] BIOS-e820: [mem 0x000000000009fc00-0x000000000009ffff] reserved
[    0.000000] BIOS-e820: [mem 0x00000000000f0000-0x00000000000fffff] reserved
[    0.000000] BIOS-e820: [mem 0x0000000000100000-0x000000001ffeffff] usable
[    0.000000] BIOS-e820: [mem 0x000000001fff0000-0x000000001fffffff] ACPI data
[    0.000000] BIOS-e820: [mem 0x00000000fec00000-0x00000000fec00fff] reserved
[    0.000000] BIOS-e820: [mem 0x00000000fee00000-0x00000000fee00fff] reserved
[    0.000000] BIOS-e820: [mem 0x00000000fffc0000-0x00000000ffffffff] reserved
[    0.000000] NX (Execute Disable) protection: active
[    0.000000] SMBIOS 2.5 present.
[    0.000000] Hypervisor detected: KVM
[    0.000000] Kernel/User page tables isolation: disabled
[    0.000000] e820: last_pfn = 0x1fff0 max_arch_pfn = 0x400000000
[    0.000000] MTRR: Disabled
[    0.000000] x86/PAT: MTRRs disabled, skipping PAT initialization too.
[    0.000000] CPU MTRRs all blank - virtualized system.
[    0.000000] x86/PAT: Configuration [0-7]: WB  WT  UC- UC  WB  WT  UC- UC  
[    0.000000] found SMP MP-table at [mem 0x0009fff0-0x0009ffff] mapped at [ffff88000009fff0]
[    0.000000] Scanning 1 areas for low memory corruption
[    0.000000] RAMDISK: [mem 0x1edb6000-0x1f83ffff]
[    0.000000] ACPI: Early table checksum verification disabled
[    0.000000] ACPI: RSDP 0x00000000000E0000 000024 (v02 VBOX  )
[    0.000000] ACPI: XSDT 0x000000001FFF0030 00003C (v01 VBOX   VBOXXSDT 00000001 ASL  00000061)
[    0.000000] ACPI: FACP 0x000000001FFF00F0 0000F4 (v04 VBOX   VBOXFACP 00000001 ASL  00000061)
[    0.000000] ACPI: DSDT 0x000000001FFF0470 0021FF (v02 VBOX   VBOXBIOS 00000002 INTL 20160108)
[    0.000000] ACPI: FACS 0x000000001FFF0200 000040
[    0.000000] ACPI: FACS 0x000000001FFF0200 000040
[    0.000000] ACPI: APIC 0x000000001FFF0240 00005C (v02 VBOX   VBOXAPIC 00000001 ASL  00000061)
[    0.000000] ACPI: SSDT 0x000000001FFF02A0 0001CC (v01 VBOX   VBOXCPUT 00000002 INTL 20160108)
[    0.000000] No NUMA configuration found
[    0.000000] Faking a node at [mem 0x0000000000000000-0x000000001ffeffff]
[    0.000000] NODE_DATA(0) allocated [mem 0x1ffeb000-0x1ffeffff]
[    0.000000] kvm-clock: Using msrs 4b564d01 and 4b564d00
[    0.000000] kvm-clock: cpu 0, msr 0:1ffe3001, primary cpu clock
[    0.000000] kvm-clock: using sched offset of 3285767390 cycles
[    0.000000] clocksource: kvm-clock: mask: 0xffffffffffffffff max_cycles: 0x1cd42e4dffb, max_idle_ns: 881590591483 ns
[    0.000000] Zone ranges:
[    0.000000]   DMA      [mem 0x0000000000001000-0x0000000000ffffff]
[    0.000000]   DMA32    [mem 0x0000000001000000-0x000000001ffeffff]
[    0.000000]   Normal   empty
[    0.000000]   Device   empty
[    0.000000] Movable zone start for each node
[    0.000000] Early memory node ranges
[    0.000000]   node   0: [mem 0x0000000000001000-0x000000000009efff]
[    0.000000]   node   0: [mem 0x0000000000100000-0x000000001ffeffff]
[    0.000000] Initmem setup node 0 [mem 0x0000000000001000-0x000000001ffeffff]
[    0.000000] ACPI: PM-Timer IO Port: 0x4008
[    0.000000] IOAPIC[0]: apic_id 2, version 32, address 0xfec00000, GSI 0-23
[    0.000000] ACPI: INT_SRC_OVR (bus 0 bus_irq 0 global_irq 2 dfl dfl)
[    0.000000] ACPI: INT_SRC_OVR (bus 0 bus_irq 9 global_irq 9 high level)
[    0.000000] Using ACPI (MADT) for SMP configuration information
[    0.000000] smpboot: Allowing 2 CPUs, 0 hotplug CPUs
[    0.000000] PM: Registered nosave memory: [mem 0x00000000-0x00000fff]
[    0.000000] PM: Registered nosave memory: [mem 0x0009f000-0x0009ffff]
[    0.000000] PM: Registered nosave memory: [mem 0x000a0000-0x000effff]
[    0.000000] PM: Registered nosave memory: [mem 0x000f0000-0x000fffff]
[    0.000000] e820: [mem 0x20000000-0xfebfffff] available for PCI devices
[    0.000000] Booting paravirtualized kernel on KVM
[    0.000000] clocksource: refined-jiffies: mask: 0xffffffff max_cycles: 0xffffffff, max_idle_ns: 7645519600211568 ns
[    0.000000] setup_percpu: NR_CPUS:512 nr_cpumask_bits:512 nr_cpu_ids:2 nr_node_ids:1
[    0.000000] PERCPU: Embedded 34 pages/cpu @ffff88001fc00000 s99544 r8192 d31528 u1048576
[    0.000000] PV qspinlock hash table entries: 256 (order: 0, 4096 bytes)
[    0.000000] Built 1 zonelists in Node order, mobility grouping on.  Total pages: 128889
[    0.000000] Policy zone: DMA32
[    0.000000] Kernel command line: BOOT_IMAGE=/boot/vmlinuz-4.4.0-109-generic root=LABEL=cloudimg-rootfs ro console=tty1 console=ttyS0
[    0.000000] PID hash table entries: 2048 (order: 2, 16384 bytes)
[    0.000000] Memory: 485660K/523832K available (8485K kernel code, 1308K rwdata, 3988K rodata, 1508K init, 1316K bss, 38172K reserved, 0K cma-reserved)
[    0.000000] SLUB: HWalign=64, Order=0-3, MinObjects=0, CPUs=2, Nodes=1
[    0.000000] Hierarchical RCU implementation.
[    0.000000] 	Build-time adjustment of leaf fanout to 64.
[    0.000000] 	RCU restricting CPUs from NR_CPUS=512 to nr_cpu_ids=2.
[    0.000000] RCU: Adjusting geometry for rcu_fanout_leaf=64, nr_cpu_ids=2
[    0.000000] NR_IRQS:33024 nr_irqs:440 16
[    0.000000] Console: colour VGA+ 80x25
[    0.000000] console [tty1] enabled
[    0.000000] console [ttyS0] enabled
[    0.000000] tsc: Detected 3094.372 MHz processor
[    0.000000] tsc: Marking TSC unstable due to TSCs unsynchronized
[    0.008000] Calibrating delay loop (skipped) preset value.. 6188.74 BogoMIPS (lpj=12377488)
[    0.012018] pid_max: default: 32768 minimum: 301
[    0.015517] ACPI: Core revision 20150930
[    0.020886] ACPI: 2 ACPI AML tables successfully acquired and loaded
[    0.024728] Security Framework initialized
[    0.026905] Yama: becoming mindful.
[    0.028070] AppArmor: AppArmor initialized
[    0.032201] Dentry cache hash table entries: 65536 (order: 7, 524288 bytes)
[    0.036254] Inode-cache hash table entries: 32768 (order: 6, 262144 bytes)
[    0.040146] Mount-cache hash table entries: 1024 (order: 1, 8192 bytes)
[    0.044061] Mountpoint-cache hash table entries: 1024 (order: 1, 8192 bytes)
[    0.048442] Initializing cgroup subsys io
[    0.052025] Initializing cgroup subsys memory
[    0.056052] Initializing cgroup subsys devices
[    0.060031] Initializing cgroup subsys freezer
[    0.062302] Initializing cgroup subsys net_cls
[    0.064039] Initializing cgroup subsys perf_event
[    0.066844] Initializing cgroup subsys net_prio
[    0.068485] Initializing cgroup subsys hugetlb
[    0.072031] Initializing cgroup subsys pids
[    0.076199] CPU: Physical Processor ID: 0
[    0.080017] CPU: Processor Core ID: 0
[    0.082646] mce: CPU supports 0 MCE banks
[    0.084056] Last level iTLB entries: 4KB 512, 2MB 1024, 4MB 512
[    0.088019] Last level dTLB entries: 4KB 1024, 2MB 1024, 4MB 512, 1GB 0
[    0.098244] Freeing SMP alternatives memory: 32K
[    0.118341] ftrace: allocating 32171 entries in 126 pages
[    0.140166] smpboot: APIC(0) Converting physical 0 to logical package 0
[    0.144030] smpboot: Max logical packages: 1
[    0.146622] x2apic enabled
[    0.148021] Switched APIC routing to physical x2apic.
[    0.158007] ..TIMER: vector=0x30 apic1=0 pin1=2 apic2=-1 pin2=-1
[    0.164000] smpboot: CPU0: AMD A8-7600 Radeon R7, 10 Compute Cores 4C+6G (family: 0x15, model: 0x30, stepping: 0x1)
[    0.164013] Performance Events: Broken PMU hardware detected, using software events only.
[    0.168015] Failed to access perfctr msr (MSR c0010007 is 0)
[    0.170439] KVM setup paravirtual spinlock
[    0.176377] x86: Booting SMP configuration:
[    0.178788] .... node  #0, CPUs:      #1
[    0.008000] kvm-clock: cpu 1, msr 0:1ffe3041, secondary cpu clock
[    0.008000] mce: CPU supports 0 MCE banks
[    0.365713] x86: Booted up 1 node, 2 CPUs
[    0.372017] smpboot: Total of 2 processors activated (12377.48 BogoMIPS)
[    0.376443] devtmpfs: initialized
[    0.383364] evm: security.selinux
[    0.384015] evm: security.SMACK64
[    0.388021] evm: security.SMACK64EXEC
[    0.392274] evm: security.SMACK64TRANSMUTE
[    0.394368] evm: security.SMACK64MMAP
[    0.396014] evm: security.ima
[    0.397796] evm: security.capability
[    0.400352] clocksource: jiffies: mask: 0xffffffff max_cycles: 0xffffffff, max_idle_ns: 7645041785100000 ns
[    0.404069] futex hash table entries: 512 (order: 3, 32768 bytes)
[    0.408871] pinctrl core: initialized pinctrl subsystem
[    0.411670] RTC time:  8:21:45, date: 01/23/18
[    0.412633] NET: Registered protocol family 16
[    0.432205] cpuidle: using governor ladder
[    0.520033] cpuidle: using governor menu
[    0.524359] PCCT header not found.
[    0.532096] ACPI: bus type PCI registered
[    0.533769] acpiphp: ACPI Hot Plug PCI Controller Driver version: 0.5
[    0.536191] PCI: Using configuration type 1 for base access
[    0.540011] PCI: Using configuration type 1 for extended access
[    0.560778] ACPI: Added _OSI(Module Device)
[    0.560778] ACPI: Added _OSI(Processor Device)
[    0.560778] ACPI: Added _OSI(3.0 _SCP Extensions)
[    0.564017] ACPI: Added _OSI(Processor Aggregator Device)
[    0.574692] ACPI: Executed 1 blocks of module-level executable AML code
[    0.624000] ACPI: Interpreter enabled
[    0.644048] ACPI: (supports S0 S5)
[    0.648016] ACPI: Using IOAPIC for interrupt routing
[    0.656306] PCI: Using host bridge windows from ACPI; if necessary, use "pci=nocrs" and report a bug
[    0.687392] ACPI: PCI Root Bridge [PCI0] (domain 0000 [bus 00-ff])
[    0.800032] acpi PNP0A03:00: _OSC: OS supports [ExtendedConfig ASPM ClockPM Segments MSI]
[    0.952101] acpi PNP0A03:00: _OSC: OS now controls [PCIeHotplug PME AER PCIeCapability]
[    1.129748] PCI host bridge to bus 0000:00
[    1.204020] pci_bus 0000:00: root bus resource [io  0x0000-0x0cf7 window]
[    1.244022] pci_bus 0000:00: root bus resource [io  0x0d00-0xffff window]
[    1.304021] pci_bus 0000:00: root bus resource [mem 0x000a0000-0x000bffff window]
[    1.428027] pci_bus 0000:00: root bus resource [mem 0x20000000-0xffdfffff window]
[    1.576018] pci_bus 0000:00: root bus resource [bus 00-ff]
[    1.581828] pci 0000:00:01.1: legacy IDE quirk: reg 0x10: [io  0x01f0-0x01f7]
[    1.592030] pci 0000:00:01.1: legacy IDE quirk: reg 0x14: [io  0x03f6]
[    1.600014] pci 0000:00:01.1: legacy IDE quirk: reg 0x18: [io  0x0170-0x0177]
[    1.608016] pci 0000:00:01.1: legacy IDE quirk: reg 0x1c: [io  0x0376]
[    1.668175] pci 0000:00:07.0: quirk: [io  0x4000-0x403f] claimed by PIIX4 ACPI
[    1.704040] pci 0000:00:07.0: quirk: [io  0x4100-0x410f] claimed by PIIX4 SMB
[    1.732381] ACPI: PCI Interrupt Link [LNKA] (IRQs 5 9 10 *11)
[    1.749638] ACPI: PCI Interrupt Link [LNKB] (IRQs 5 9 10 *11)
[    1.757071] ACPI: PCI Interrupt Link [LNKC] (IRQs 5 9 *10 11)
[    1.764065] ACPI: PCI Interrupt Link [LNKD] (IRQs 5 *9 10 11)
[    1.772134] ACPI: Enabled 2 GPEs in block 00 to 07
[    1.780091] vgaarb: setting as boot device: PCI:0000:00:02.0
[    1.780091] vgaarb: device added: PCI:0000:00:02.0,decodes=io+mem,owns=io+mem,locks=none
[    1.796017] vgaarb: loaded
[    1.800013] vgaarb: bridge control possible 0000:00:02.0
[    1.804279] SCSI subsystem initialized
[    1.814089] ACPI: bus type USB registered
[    1.820113] usbcore: registered new interface driver usbfs
[    1.824055] usbcore: registered new interface driver hub
[    1.828552] usbcore: registered new device driver usb
[    1.905256] PCI: Using ACPI for IRQ routing
[    1.972532] NetLabel: Initializing
[    1.980034] NetLabel:  domain hash size = 128
[    1.984008] NetLabel:  protocols = UNLABELED CIPSOv4
[    1.988020] NetLabel:  unlabeled traffic allowed by default
[    1.996106] amd_nb: Cannot enumerate AMD northbridges
[    2.120062] clocksource: Switched to clocksource kvm-clock
[    2.147652] AppArmor: AppArmor Filesystem Enabled
[    2.227161] pnp: PnP ACPI init
[    2.241238] pnp: PnP ACPI: found 3 devices
[    2.259780] clocksource: acpi_pm: mask: 0xffffff max_cycles: 0xffffff, max_idle_ns: 2085701024 ns
[    2.265806] NET: Registered protocol family 2
[    2.271051] TCP established hash table entries: 4096 (order: 3, 32768 bytes)
[    2.274879] TCP bind hash table entries: 4096 (order: 4, 65536 bytes)
[    2.278355] TCP: Hash tables configured (established 4096 bind 4096)
[    2.281928] UDP hash table entries: 256 (order: 1, 8192 bytes)
[    2.286419] UDP-Lite hash table entries: 256 (order: 1, 8192 bytes)
[    2.290053] NET: Registered protocol family 1
[    2.292319] pci 0000:00:00.0: Limiting direct PCI/PCI transfers
[    2.295462] pci 0000:00:01.0: Activating ISA DMA hang workarounds
[    2.299291] Unpacking initramfs...
[    4.970035] Freeing initrd memory: 10792K
[    5.035891] clocksource: tsc: mask: 0xffffffffffffffff max_cycles: 0x2c9a834e092, max_idle_ns: 440795248211 ns
[    5.257913] platform rtc_cmos: registered platform RTC device (no PNP device found)
[    5.305768] Scanning for low memory corruption every 60 seconds
[    5.308749] audit: initializing netlink subsys (disabled)
[    5.310805] audit: type=2000 audit(1516695713.542:1): initialized
[    5.430323] Initialise system trusted keyring
[    5.454407] HugeTLB registered 2 MB page size, pre-allocated 0 pages
[    5.577095] zbud: loaded
[    5.626454] VFS: Disk quotas dquot_6.6.0
[    5.706077] VFS: Dquot-cache hash table entries: 512 (order 0, 4096 bytes)
[    5.876484] squashfs: version 4.0 (2009/01/31) Phillip Lougher
[    6.001827] fuse init (API version 7.23)
[    6.035815] Key type big_key registered
[    6.037855] Allocating IMA MOK and blacklist keyrings.
[    6.044232] Key type asymmetric registered
[    6.058183] Asymmetric key parser 'x509' registered
[    6.061496] Block layer SCSI generic (bsg) driver version 0.4 loaded (major 249)
[    6.065426] io scheduler noop registered
[    6.109459] io scheduler deadline registered (default)
[    6.116316] io scheduler cfq registered
[    6.118876] pci_hotplug: PCI Hot Plug PCI Core version: 0.5
[    6.136141] pciehp: PCI Express Hot Plug Controller Driver version: 0.4
[    6.140594] ACPI: AC Adapter [AC] (on-line)
[    6.145652] input: Power Button as /devices/LNXSYSTM:00/LNXPWRBN:00/input/input0
[    6.150025] ACPI: Power Button [PWRF]
[    6.153038] input: Sleep Button as /devices/LNXSYSTM:00/LNXSLPBN:00/input/input1
[    6.159531] ACPI: Sleep Button [SLPF]
[    6.199021] GHES: HEST is not enabled!
[    6.203868] Serial: 8250/16550 driver, 32 ports, IRQ sharing enabled
[    6.289056] 00:02: ttyS0 at I/O 0x3f8 (irq = 4, base_baud = 115200) is a 16550A
[    6.488200] Linux agpgart interface v0.103
[    6.606864] loop: module loaded
[    6.693186] scsi host0: ata_piix
[    6.758797] scsi host1: ata_piix
[    6.832249] ata1: PATA max UDMA/33 cmd 0x1f0 ctl 0x3f6 bmdma 0xd000 irq 14
[    6.980489] ata2: PATA max UDMA/33 cmd 0x170 ctl 0x376 bmdma 0xd008 irq 15
[    6.983377] libphy: Fixed MDIO Bus: probed
[    6.985072] tun: Universal TUN/TAP device driver, 1.6
[    6.996694] tun: (C) 1999-2004 Max Krasnyansky <maxk@qualcomm.com>
[    7.000432] PPP generic driver version 2.4.2
[    7.003122] ehci_hcd: USB 2.0 'Enhanced' Host Controller (EHCI) Driver
[    7.005574] ehci-pci: EHCI PCI platform driver
[    7.008300] ehci-platform: EHCI generic platform driver
[    7.019096] ohci_hcd: USB 1.1 'Open' Host Controller (OHCI) Driver
[    7.022190] ohci-pci: OHCI PCI platform driver
[    7.032515] ohci-platform: OHCI generic platform driver
[    7.038006] uhci_hcd: USB Universal Host Controller Interface driver
[    7.041443] i8042: PNP: PS/2 Controller [PNP0303:PS2K,PNP0f03:PS2M] at 0x60,0x64 irq 1,12
[    7.048794] serio: i8042 KBD port at 0x60,0x64 irq 1
[    7.050809] serio: i8042 AUX port at 0x60,0x64 irq 12
[    7.057691] mousedev: PS/2 mouse device common for all mice
[    7.064742] rtc_cmos rtc_cmos: rtc core: registered rtc_cmos as rtc0
[    7.088868] input: AT Translated Set 2 keyboard as /devices/platform/i8042/serio0/input/input2
[    7.103548] rtc_cmos rtc_cmos: alarms up to one day, 114 bytes nvram
[    7.117552] i2c /dev entries driver
[    7.119248] device-mapper: uevent: version 1.0.3
[    7.121975] device-mapper: ioctl: 4.34.0-ioctl (2015-10-28) initialised: dm-devel@redhat.com
[    7.130162] ledtrig-cpu: registered to indicate activity on CPUs
[    7.140953] NET: Registered protocol family 10
[    7.248307] NET: Registered protocol family 17
[    7.366709] Key type dns_resolver registered
[    7.464977] microcode: CPU0: patch_level=0x06000626
[    7.675627] microcode: CPU1: patch_level=0x06000626
[    7.810790] microcode: Microcode Update Driver: v2.01 <tigran@aivazian.fsnet.co.uk>, Peter Oruba
[    7.848635] registered taskstats version 1
[    7.852991] Loading compiled-in X.509 certificates
[    7.874686] Loaded X.509 cert 'Build time autogenerated kernel key: 96e61bd247bb6c4e82ca419795a98fcb171b0e99'
[    7.884623] zswap: loaded using pool lzo/zbud
[    7.895508] Key type trusted registered
[    7.909530] Key type encrypted registered
[    7.983876] AppArmor: AppArmor sha1 policy hashing enabled
[    7.986480] ima: No TPM chip found, activating TPM-bypass!
[    8.016973] evm: HMAC attrs: 0x1
[    8.023830]   Magic number: 2:367:372
[    8.033497] rtc_cmos rtc_cmos: setting system clock to 2018-01-23 08:21:53 UTC (1516695713)
[    8.041208] BIOS EDD facility v0.16 2004-Jun-25, 0 devices found
[    8.046268] EDD information not available.
[    8.055441] Freeing unused kernel memory: 1508K
[    8.057938] Write protecting the kernel read-only data: 14336k
[    8.063006] Freeing unused kernel memory: 1744K
[    8.121723] Freeing unused kernel memory: 108K
Loading, please wait...
[    8.328850] random: udevadm: uninitialized urandom read (16 bytes read, 4 bits of entropy available)
starting version[    8.339911] random: systemd-udevd: uninitialized urandom read (16 bytes read, 4 bits of entropy available)
 229
[    8.341461] random: systemd-udevd: uninitialized urandom read (16 bytes read, 4 bits of entropy available)
[    8.341475] random: systemd-udevd: uninitialized urandom read (16 bytes read, 4 bits of entropy available)
[    8.341491] random: systemd-udevd: uninitialized urandom read (16 bytes read, 4 bits of entropy available)
[    8.487658] random: udevadm: uninitialized urandom read (16 bytes read, 4 bits of entropy available)
[    8.602730] random: systemd-udevd: uninitialized urandom read (16 bytes read, 4 bits of entropy available)
[    8.608126] random: udevadm: uninitialized urandom read (16 bytes read, 4 bits of entropy available)
[    8.608283] random: udevadm: uninitialized urandom read (16 bytes read, 4 bits of entropy available)
[    8.608506] random: udevadm: uninitialized urandom read (16 bytes read, 4 bits of entropy available)
[    8.790362] e1000: Intel(R) PRO/1000 Network Driver - version 7.3.21-k8-NAPI
[    8.792034] e1000: Copyright (c) 1999-2006 Intel Corporation.
[    8.806633] Fusion MPT base driver 3.04.20
[    8.824329] Copyright (c) 1999-2008 LSI Corporation
[    8.858286] Fusion MPT SPI Host driver 3.04.20
[    9.311155] AVX version of gcm_enc/dec engaged.
[    9.312035] AES CTR mode by8 optimization enabled
[    9.384307] input: ImExPS/2 Generic Explorer Mouse as /devices/platform/i8042/serio1/input/input4
[    9.639451] e1000 0000:00:03.0 eth0: (PCI:33MHz:32-bit) 02:38:07:4c:82:85
[    9.667379] e1000 0000:00:03.0 eth0: Intel(R) PRO/1000 Network Connection
[    9.703246] mptbase: ioc0: Initiating bringup
[    9.728953] e1000 0000:00:03.0 enp0s3: renamed from eth0
[    9.792363] ioc0: LSI53C1030 A0: Capabilities={Initiator}
[    9.966367] scsi host2: ioc0: LSI53C1030 A0, FwRev=00000000h, Ports=1, MaxQ=256, IRQ=20
[   10.117849] scsi 2:0:0:0: Direct-Access     VBOX     HARDDISK         1.0  PQ: 0 ANSI: 5
[   10.148985] scsi target2:0:0: Beginning Domain Validation
[   10.166993] scsi target2:0:0: Domain Validation skipping write tests
[   10.174913] scsi target2:0:0: Ending Domain Validation
[   10.185664] scsi target2:0:0: asynchronous
[   10.199088] scsi 2:0:1:0: Direct-Access     VBOX     HARDDISK         1.0  PQ: 0 ANSI: 5
[   10.208376] scsi target2:0:1: Beginning Domain Validation
[   10.222488] scsi target2:0:1: Domain Validation skipping write tests
[   10.228592] scsi target2:0:1: Ending Domain Validation
[   10.251763] scsi target2:0:1: asynchronous
[   10.280491] sd 2:0:0:0: [sda] 20971520 512-byte logical blocks: (10.7 GB/10.0 GiB)
[   10.290912] sd 2:0:0:0: Attached scsi generic sg0 type 0
[   10.445740] sd 2:0:0:0: [sda] Write Protect is off
[   10.596776] sd 2:0:0:0: [sda] Incomplete mode parameter data
[   10.600799] sd 2:0:1:0: Attached scsi generic sg1 type 0
[   10.785160] sd 2:0:0:0: [sda] Assuming drive cache: write through
[   10.916605] sd 2:0:1:0: [sdb] 20480 512-byte logical blocks: (10.5 MB/10.0 MiB)
[   10.926781] sd 2:0:1:0: [sdb] Write Protect is off
[   10.930772] sd 2:0:1:0: [sdb] Incomplete mode parameter data
[   10.933655] sd 2:0:1:0: [sdb] Assuming drive cache: write through
[   10.993449]  sda: sda1
[   11.041090] sd 2:0:0:0: [sda] Attached SCSI disk
[   11.128492] sd 2:0:1:0: [sdb] Attached SCSI disk
[   11.824284] floppy0: no floppy controllers found
Begin: Loading e[   13.996573] md: linear personality registered for level -1
ssential drivers[   14.067628] md: multipath personality registered for level -4
 ... [   14.114489] md: raid0 personality registered for level 0
[   14.129969] md: raid1 personality registered for level 1
[   14.224155] raid6: sse2x1   gen()  2247 MB/s
[   14.292187] raid6: sse2x1   xor()  1544 MB/s
[   14.364096] raid6: sse2x2   gen()  3512 MB/s
[   14.432119] raid6: sse2x2   xor()  2088 MB/s
[   14.504158] raid6: sse2x4   gen()  4132 MB/s
[   14.576039] raid6: sse2x4   xor()  1294 MB/s
[   14.585492] raid6: using algorithm sse2x4 gen() 4132 MB/s
[   14.587626] raid6: .... xor() 1294 MB/s, rmw enabled
[   14.589924] raid6: using ssse3x2 recovery algorithm
[   14.598170] xor: automatically using best checksumming function:
[   14.648214]    avx       :   692.000 MB/sec
[   14.652139] async_tx: api initialized (async)
[   14.709422] md: raid6 personality registered for level 6
[   14.812301] md: raid5 personality registered for level 5
[   14.818491] md: raid4 personality registered for level 4
[   14.871861] md: raid10 personality registered for level 10
done.
Begin: Running /scripts/init-premount ... done.
Begin: Mounting root file system ... Begin: Running /scripts/local-top ... done.
Begin: Running /scripts/local-premount ... [   15.001062] Btrfs loaded
Scanning for Btrfs filesystems
done.
Warning: fsck not present, so skipping root file system
[   15.274002] EXT4-fs (sda1): mounted filesystem with ordered data mode. Opts: (null)
done.
Begin: Running /scripts/local-bottom ... done.
Begin: Running /scripts/init-bottom ... done.
[   15.884111] random: nonblocking pool is initialized
[   16.028649] systemd[1]: systemd 229 running in system mode. (+PAM +AUDIT +SELINUX +IMA +APPARMOR +SMACK +SYSVINIT +UTMP +LIBCRYPTSETUP +GCRYPT +GNUTLS +ACL +XZ -LZ4 +SECCOMP +BLKID +ELFUTILS +KMOD -IDN)
[   16.079735] systemd[1]: Detected virtualization oracle.
[   16.083453] systemd[1]: Detected architecture x86-64.

Welcome to [1mUbuntu 16.04.3 LTS[0m!

[   16.201477] systemd[1]: Set hostname to <ubuntu>.
[   16.245519] systemd[1]: Initializing machine ID from random generator.
[   16.254209] systemd[1]: Installed transient /etc/machine-id file.
[   17.202634] systemd[1]: Started Forward Password Requests to Wall Directory Watch.
[[0;32m  OK  [0m] Started Forward Password Requests to Wall Directory Watch.
[   17.312545] systemd[1]: Listening on /dev/initctl Compatibility Named Pipe.
[[0;32m  OK  [0m] Listening on /dev/initctl Compatibility Named Pipe.
[   17.331908] systemd[1]: Listening on Journal Socket (/dev/log).
[[0;32m  OK  [0m] Listening on Journal Socket (/dev/log).
[   17.389173] systemd[1]: Created slice User and Session Slice.
[[0;32m  OK  [0m] Created slice User and Session Slice.
[   17.399764] systemd[1]: Listening on Journal Socket.
[[0;32m  OK  [0m] Listening on Journal Socket.
[   17.405853] systemd[1]: Started Trigger resolvconf update for networkd DNS.
[[0;32m  OK  [0m] Started Trigger resolvconf update for networkd DNS.
[   17.489137] systemd[1]: Created slice System Slice.
[[0;32m  OK  [0m] Created slice System Slice.
[   17.584376] systemd[1]: Starting Nameserver information manager...
         Starting Nameserver information manager...
[   17.784545] systemd[1]: Starting Remount Root and Kernel File Systems...
[   17.797980] EXT4-fs (sda1): re-mounted. Opts: (null)
         Starting Remount Root and Kernel File Systems...
[   18.008459] systemd[1]: Listening on LVM2 poll daemon socket.
[[0;32m  OK  [0m] Listening on LVM2 poll daemon socket.
[   18.208668] systemd[1]: Starting Create list of required static device nodes for the current kernel...
         Starting Create list of required st... nodes for the current kernel...
[   18.364569] systemd[1]: Listening on Journal Audit Socket.
[[0;32m  OK  [0m] Listening on Journal Audit Socket.
[   18.424459] systemd[1]: Listening on udev Kernel Socket.
[[0;32m  OK  [0m] Listening on udev Kernel Socket.
[   18.608502] systemd[1]: Reached target Encrypted Volumes.
[[0;32m  OK  [0m] Reached target Encrypted Volumes.
[   18.764305] systemd[1]: Mounting Debug File System...
         Mounting Debug File System...
[   18.868459] systemd[1]: Listening on LVM2 metadata daemon socket.
[[0;32m  OK  [0m] Listening on LVM2 metadata daemon socket.
[   19.084915] systemd[1]: Listening on Device-mapper event daemon FIFOs.
[[0;32m  OK  [0m] Listening on Device-mapper event daemon FIFOs.
[   19.208498] systemd[1]: Starting Monitoring of LVM2 mirrors, snapshots etc. using dmeventd or progress polling...
         Starting Monitoring of LVM2 mirrors... dmeventd or progress polling...
[   19.432670] systemd[1]: Starting Load Kernel Modules...
         Starting Load Kernel Modules...
[   19.467401] systemd[1]: Listening on Syslog Socket.
[[0;32m  OK  [0m] Listening on Syslog Socket.
[   19.484743] systemd[1]: Starting Journal Service...
         Starting Journal[   19.488885] Loading iSCSI transport class v2.0-870.
 Service...
[   19.585063] systemd[1]: Reached target User and Group Name Lookups.
[[0;32m  OK  [0m] Reached target User and Group Name Lookups.
[   19.604249] systemd[1]: Listening on udev Control Socket.
[[0;32m  OK  [0m] Listening on ude[   19.610304] iscsi: registered transport (tcp)
v Control Socket.
[   19.748682] systemd[1]: Set up automount Arbitrary Executable File Formats File System Automount Point.
[[0;32m  OK  [0m] Set up automount Arbitrary Executab...ats Fil[   19.863777] iscsi: registered transport (iser)
e System Automount Point.
[   20.024626] systemd[1]: Starting Set console keymap...
         Starting Set console keymap...
[   20.073248] systemd[1]: Created slice system-serial\x2dgetty.slice.
[[0;32m  OK  [0m] Created slice system-serial\x2dgetty.slice.
[   20.156570] systemd[1]: Mounting Huge Pages File System...
         Mounting Huge Pages File System...
[   20.320828] systemd[1]: Reached target Swap.
[[0;32m  OK  [0m] Reached target Swap.
[   20.384632] systemd[1]: Reached target Slices.
[[0;32m  OK  [0m] Reached target Slices.
[   20.489336] systemd[1]: Starting Uncomplicated firewall...
         Starting Uncomplicated firewall...
[   20.522831] systemd[1]: Mounting POSIX Message Queue File System...
         Mounting POSIX Message Queue File System...
[   20.543986] systemd[1]: Mounted POSIX Message Queue File System.
[[0;32m  OK  [0m] Mounted POSIX Message Queue File System.
[   20.564736] systemd[1]: Mounted Huge Pages File System.
[[0;32m  OK  [0m] Mounted Huge Pages File System.
[   20.599873] systemd[1]: Mounted Debug File System.
[[0;32m  OK  [0m] Mounted Debug File System.
[   20.611064] systemd[1]: Started Journal Service.
[[0;32m  OK  [0m] Started Journal Service.
[[0;32m  OK  [0m] Started Remount Root and Kernel File Systems.
[[0;32m  OK  [0m] Started Create list of required sta...ce nodes for the current kernel.
[[0;32m  OK  [0m] Started Load Kernel Modules.
[[0;32m  OK  [0m] Started Set console keymap.
[[0;32m  OK  [0m] Started Uncomplicated firewall.
[[0;32m  OK  [0m] Started Nameserver information manager.
[[0;32m  OK  [0m] Started LVM2 metadata daemon.
         Starting Apply Kernel Variables...
         Mounting FUSE Control File System...
         Starting Create Static Device Nodes in /dev...
         Starting Initial cloud-init job (pre-networking)...
         Starting Load/Save Random Seed...
         Starting udev Coldplug all Devices...
         Starting Flush Journal to Persistent Storage...
[[0;32m  OK  [0m] Mounted FUSE Control File System.
[[0;32m  OK  [0m] Started Apply Kernel Variables.
[[0;32m  OK  [0m] Started Load/Save Random Seed.
[[0;32m  OK  [0m] Started Create Static Device Nodes in /dev.
         Starting udev Kernel Device Manager...
[[0;32m  OK  [0m] Started Monitoring of LVM2 mirrors,...ng dmeventd or progress polling.
[[0;32m  OK  [0m] Started Flush Journal to Persistent Storage.
[[0;32m  OK  [0m] Started udev Coldplug all Devices.
[[0;32m  OK  [0m] Started udev Kernel Device Manager.
[[0;32m  OK  [0m] Reached target Local File Systems (Pre).
[[0;32m  OK  [0m] Reached target Local File Systems.
         Starting Tell Plymouth To Write Out Runtime Data...
         Starting Create Volatile Files and Directories...
         Starting Commit a transient machine-id on disk...
         Starting LSB: AppArmor initialization...
         Starting Set console font and keymap...
[[0;32m  OK  [0m] Started Dispatch Password Requests to Console Directory Watch.
[[0;32m  OK  [0m] Started Tell Plymouth To Write Out Runtime Data.
[[0;32m  OK  [0m] Started Create Volatile Files and Directories.
[[0;32m  OK  [0m] Started Commit a transient machine-id on disk.
[[0;32m  OK  [0m] Reached target System Time Synchronized.
         Starting Update UTMP about System Boot/Shutdown...
[[0;32m  OK  [0m] Started Update UTMP about System Boot/Shutdown.
[[0;32m  OK  [0m] Found device /dev/ttyS0.
[[0;32m  OK  [0m] Started Set console font and keymap.
[[0;32m  OK  [0m] Created slice system-getty.slice.
[[0;32m  OK  [0m] Listening on Load/Save RF Kill Switch Status /dev/rfkill Watch.
[[0;32m  OK  [0m] Started LSB: AppArmor initialization.
[   29.495063] cloud-init[452]: Cloud-init v. 17.1 running 'init-local' at Tue, 23 Jan 2018 08:22:13 +0000. Up 28.42 seconds.
[[0;32m  OK  [0m] Started Initial cloud-init job (pre-networking).
[[0;32m  OK  [0m] Reached target Network (Pre).
         Starting Raise network interfaces...
[[0;32m  OK  [0m] Started Raise network interfaces.
[[0;32m  OK  [0m] Reached target Network.
         Starting Initial cloud-init job (metadata service crawler)...
[   35.091452] cloud-init[951]: Cloud-init v. 17.1 running 'init' at Tue, 23 Jan 2018 08:22:16 +0000. Up 31.33 seconds.
[   35.384703] cloud-init[951]: ci-info: +++++++++++++++++++++++++++++++++++++Net device info+++++++++++++++++++++++++++++++++++++
[   35.532331] cloud-init[951]: ci-info: +--------+------+---------------------------+---------------+-------+-------------------+
[[0;32m  OK  [0m] Started Initial cloud-init job (metadata service crawler).
[   35.704646] cloud-init[951]: ci-info: | Device |  Up  |          Address          |      Mask     | Scope |     Hw-Address    |
[   35.956455] cloud-init[951]: ci-info: +--------+------+---------------------------+---------------+-------+-------------------+
[   36.136512] cloud-init[951]: ci-info: | enp0s3 | True |         10.0.2.15         | 255.255.255.0 |   .   | 02:38:07:4c:82:85 |
[[0;32m  OK  [0m] Reached target Cloud-config availability.
[[0;32m  OK  [0m] Reached target System Initialization.
[   36.273355] cloud-init[951]: ci-info: | enp0s3 | True | fe80::38:7ff:fe4c:8285/64 |       .       |  link | 02:38:07:4c:82:85 |
[   36.576534] cloud-init[951]: ci-info: |   lo   | True |         127.0.0.1         |   255.0.0.0   |   .   |         .         |
[   36.696452] cloud-init[951]: ci-info: |   lo   | True |          ::1/128          |       .       |  host |         .         |
[   36.696769] cloud-init[951]: ci-info: +--------+------+---------------------------+---------------+-------+-------------------+
[[0;32m  OK  [0m] Started ACPI Events Check.
[[0;32m  OK  [0m] Reached target Paths.
[   36.696885] cloud-init[951]: ci-info: +++++++++++++++++++++++++++Route IPv4 info++++++++++++++++++++++++++++
[   37.224633] cloud-init[951]: ci-info: +-------+-------------+----------+---------------+-----------+-------+
[   37.374530] cloud-init[951]: ci-info: | Route | Destination | Gateway  |    Genmask    | Interface | Flags |
[   37.528505] cloud-init[951]: ci-info: +-------+-------------+----------+---------------+-----------+-------+
[   37.652512] cloud-init[951]: ci-info: |   0   |   0.0.0.0   | 10.0.2.2 |    0.0.0.0    |   enp0s3  |   UG  |
[   37.780063] cloud-init[951]: ci-info: |   1   |   10.0.2.0  | 0.0.0.0  | 255.255.255.0 |   enp0s3  |   U   |
[   37.892873] cloud-init[951]: ci-info: +-------+-------------+----------+---------------+-----------+-------+
[   38.028911] cloud-init[951]: Generating public/private rsa key pair.
[   38.101077] cloud-init[951]: Your identification has been saved in /etc/ssh/ssh_host_rsa_key.
[   38.180546] cloud-init[951]: Your public key has been saved in /etc/ssh/ssh_host_rsa_key.pub.
[   38.180733] cloud-init[951]: The key fingerprint is:
[[0;32m  OK  [0m] Listening on UUID daemon activation socket.
[[0;32m  OK  [0m] Listening on ACPID Listen Socket.
[[   38.180858] cloud-init[951]: SHA256:KS+w8Taq/Y925+bDhuwKUabtsH3cpdiXvcKixY6zLKU root@ubuntu-xenial
[0;32m  OK  [0m] Started Daily Cleanup of Temporary Directories.
[[0;32m  OK  [0m] Listening on D-Bus System Message Bus Socket.
[   38.417283] cloud-init[951]: The key's randomart image is:
[   38.812592] cloud-init[951]: +---[RSA 2048]----+
[   38.888561] cloud-init[951]: |                 |
[   38.968765] cloud-init[951]: |                 |
[   39.036445] cloud-init[951]: |      o          |
[   39.084614] cloud-init[951]: |     =   .       |
[   39.091969] cloud-init[951]: |    * o S   .    |
[   39.092056] cloud-init[951]: |     @ +.= o o   |
[   39.092118] cloud-init[951]: |    + B+=o*.o .  |
[   39.092238] cloud-init[951]: |   . +E*=+B.o  . |
[   39.092304] cloud-init[951]: |  ..oo+*BX+o ..  |
[   39.092382] cloud-init[951]: +----[SHA256]-----+
[   39.092443] cloud-init[951]: Generating public/private dsa key pair.
[   39.092523] cloud-init[951]: Your identification has been saved in /etc/ssh/ssh_host_dsa_key.
[   39.092586] cloud-init[951]: Your public key has been saved in /etc/ssh/ssh_host_dsa_key.pub.
[   39.092646] cloud-init[951]: The key fingerprint is:
[   39.092710] cloud-init[951]: SHA256:V52Po64bxkPFYm3whnxlYAqzFBZquVEJLPnObErXpL0 root@ubuntu-xenial
[   39.092773] cloud-init[951]: The key's randomart image is:
[   39.092831] cloud-init[951]: +---[DSA 1024]----+
[   39.092920] cloud-init[951]: |     o..O+. o.o  |
[   39.092978] cloud-init[951]: |    o .*.= O + . |
[   39.093039] cloud-init[951]: |     o= . * X o  |
[   39.093100] cloud-init[951]: |     ..o.. B   o |
[   39.093159] cloud-init[951]: |     +.=S o   o .|
[   39.093234] cloud-init[951]: |    . B o+   . . |
[   39.093296] cloud-init[951]: |   . +   .= .    |
[   39.093357] cloud-init[951]: |    .   E. +     |
[   39.093415] cloud-init[951]: |          oo.    |
[   39.093473] cloud-init[951]: +----[SHA256]-----+
[   39.093541] cloud-init[951]: Generating public/private ecdsa key pair.
[   39.093601] cloud-init[951]: Your identification has been saved in /etc/ssh/ssh_host_ecdsa_key.
[   39.093667] cloud-init[951]: Your public key has been saved in /etc/ssh/ssh_host_ecdsa_key.pub.
[   39.093728] cloud-init[951]: The key fingerprint is:
[   39.093776] cloud-init[951]: SHA256:vVN9RNTN9SmvfYC1RQ0GTnnStqCCt0qOdNkTwzpZaBM root@ubuntu-xenial
[   39.093827] cloud-init[951]: The key's randomart image is:
[   39.093873] cloud-init[951]: +---[ECDSA 256]---+
[   39.093927] cloud-init[951]: |            o+o+X|
[   39.093983] cloud-init[951]: |      E    o+.+oB|
[   39.094036] cloud-init[951]: |       =   ..*.o+|
[   39.094082] cloud-init[951]: |      = B..  +++ |
[   39.094129] cloud-init[951]: |     . OS=. o +..|
[   39.094176] cloud-init[951]: |    . B +  o  oo |
[   39.094268] cloud-init[951]: |   . = o .o  . ..|
[   39.094331] cloud-init[951]: |    . o    .    .|
[   39.094393] cloud-init[951]: |                 |
[   39.094454] cloud-init[951]: +----[SHA256]-----+
[   39.094512] cloud-init[951]: Generating public/private ed25519 key pair.
[   39.094587] cloud-init[951]: Your identification has been saved in /etc/ssh/ssh_host_ed25519_key.
[   39.094649] cloud-init[951]: Your public key has been saved in /etc/ssh/ssh_host_ed25519_key.pub.
[   39.094710] cloud-init[951]: The key fingerprint is:
[   39.094769] cloud-init[951]: SHA256:4MlflcSjYkM0I9picuKbN07J0DRGBBb9ZVB2PDTTfoo root@ubuntu-xenial
[   39.094828] cloud-init[951]: The key's randomart image is:
[   39.094885] cloud-init[951]: +--[ED25519 256]--+
[   39.094952] cloud-init[951]: |  +=o o+*o=o.    |
[   39.095012] cloud-init[951]: | . ..o o++o++.   |
[   39.095076] cloud-init[951]: |  o O.o+   +o.   |
[   39.095134] cloud-init[951]: | . O =.o+ ... .  |
[   39.095185] cloud-init[951]: |  o . +.So.. o   |
[   39.095234] cloud-init[951]: |   = . . .E .    |
[   39.095297] cloud-init[951]: |  o *   .        |
[   39.095344] cloud-init[951]: |   + .           |
[   39.095857] cloud-init[951]: |    .            |
[   39.095955] cloud-init[951]: +----[SHA256]-----+
         Starting LXD - unix socket.
         Starting Socket activation for snappy daemon.
[[0;32m  OK  [0m] Started Timer to automatically refresh installed snaps.
[[0;32m  OK  [0m] Reached target Network is Online.
         Starting iSCSI initiator daemon (iscsid)...
[[0;32m  OK  [0m] Started Daily apt download activities.
[[0;32m  OK  [0m] Started Daily apt upgrade and clean activities.
[[0;32m  OK  [0m] Reached target Timers.
[[0;32m  OK  [0m] Listening on LXD - unix socket.
[[0;32m  OK  [0m] Listening on Socket activation for snappy daemon.
[[0;32m  OK  [0m] Reached target Sockets.
[[0;32m  OK  [0m] Reached target Basic System.
         Starting LSB: Record successful boot for GRUB...
         Starting LSB: MD monitoring daemon...
[[0;32m  OK  [0m] Started FUSE filesystem for LXC.
         Starting Accounts Service...
[[0;32m  OK  [0m] Started Deferred execution scheduler.
[[0;32m  OK  [0m] Started ACPI event daemon.
[[0;32m  OK  [0m] Started D-Bus System Message Bus.
[[0;32m  OK  [0m] Started Unattended Upgrades Shutdown.
         Starting Login Service...
         Starting /etc/rc.local Compatibility...
[[0;32m  OK  [0m] Started Regular background program processing daemon.
         Starting System Logging Service...
         Starting Apply the settings specified in cloud-config...
         Starting Pollinate to seed the pseudo random number generator...
         Starting Snappy daemon...
         Starting LXD - container startup/shutdown...
[[0;32m  OK  [0m] Started System Logging Service.
[[0;32m  OK  [0m] Started iSCSI initiator daemon (iscsid).
[[0;32m  OK  [0m] Started /etc/rc.local Compatibility.
[[0;32m  OK  [0m] Started Login Service.
         Starting Authenticate and Authorize Users to Run Privileged Tasks...
         Starting Login to default iSCSI targets...
[[0;32m  OK  [0m] Started LSB: Record successful boot for GRUB.
[[0;32m  OK  [0m] Started LSB: MD monitoring daemon.
[[0;32m  OK  [0m] Started Authenticate and Authorize Users to Run Privileged Tasks.
[[0;32m  OK  [0m] Started Accounts Service.
[[0;32m  OK  [0m] Started Login to default iSCSI targets.
[[0;32m  OK  [0m] Reached target Remote File Systems (Pre).
[[0;32m  OK  [0m] Reached target Remote File Systems.
         Starting LSB: VirtualBox Linux Additions...
         Starting LSB: Set the CPU Frequency Scaling governor to "ondemand"...
         Starting LSB: automatic crash report generation...
         Starting LSB: daemon to balance interrupts for SMP systems...
         Starting Permit User Sessions...
[[0;32m  OK  [0m] Started LSB: Set the CPU Frequency Scaling governor to "ondemand".
[[0;32m  OK  [0m] Started Permit User Sessions.
         Starting Hold until boot process finishes up...
         Starting Terminate Plymouth Boot Screen...
[[0;32m  OK  [0m] Started Hold until boot process finishes up.
[[0;32m  OK  [0m] Started Terminate Plymouth Boot Screen.
         Starting Set console scheme...
[[0;32m  OK  [0m] Started Getty on tty1.
[[0;32m  OK  [0m] Started Serial Getty on ttyS0.
[[0;32m  OK  [0m] Reached target Login Prompts.
[[0;32m  OK  [0m] Started LSB: daemon to balance interrupts for SMP systems.
[[0;32m  OK  [0m] Started LSB: automatic crash report generation.
[[0;32m  OK  [0m] Started Set console scheme.
[   47.226113] cloud-init[1092]: Generating locales (this might take a while)...
[[0;32m  OK  [0m] Started LSB: VirtualBox Linux Additions.
[[0;32m  OK  [0m] Started Pollinate to seed the pseudo random number generator.
         Starting OpenBSD Secure Shell server...
[[0;32m  OK  [0m] Started OpenBSD Secure Shell server.
[[0;32m  OK  [0m] Started LXD - container startup/shutdown.
[[0;32m  OK  [0m] Started Snappy daemon.
[[0;32m  OK  [0m] Reached target Multi-User System.
[[0;32m  OK  [0m] Reached target Graphical Interface.
         Starting Update UTMP about System Runlevel Changes...
[[0;32m  OK  [0m] Started Update UTMP about System Runlevel Changes.
[[0;32m  OK  [0m] Created slice User Slice of vagrant.
         Starting User Manager for UID 1000...
[[0;32m  OK  [0m] Started Session 1 of user vagrant.
[[0;32m  OK  [0m] Started User Manager for UID 1000.
[   51.290043] cloud-init[1092]:   en_US.UTF-8... done
[   51.337094] cloud-init[1092]: Generation complete.

Ubuntu 16.04.3 LTS ubuntu-xenial ttyS0

ubuntu-xenial login: [   54.863147] cloud-init[1092]: Cloud-init v. 17.1 running 'modules:config' at Tue, 23 Jan 2018 08:22:30 +0000. Up 45.51 seconds.
ci-info: no authorized ssh keys fingerprints found for user ubuntu.
<14>Jan 23 08:22:42 ec2: 
<14>Jan 23 08:22:42 ec2: #############################################################
<14>Jan 23 08:22:42 ec2: -----BEGIN SSH HOST KEY FINGERPRINTS-----
<14>Jan 23 08:22:42 ec2: 1024 SHA256:V52Po64bxkPFYm3whnxlYAqzFBZquVEJLPnObErXpL0 root@ubuntu-xenial (DSA)
<14>Jan 23 08:22:42 ec2: 256 SHA256:vVN9RNTN9SmvfYC1RQ0GTnnStqCCt0qOdNkTwzpZaBM root@ubuntu-xenial (ECDSA)
<14>Jan 23 08:22:42 ec2: 256 SHA256:4MlflcSjYkM0I9picuKbN07J0DRGBBb9ZVB2PDTTfoo root@ubuntu-xenial (ED25519)
<14>Jan 23 08:22:42 ec2: 2048 SHA256:KS+w8Taq/Y925+bDhuwKUabtsH3cpdiXvcKixY6zLKU root@ubuntu-xenial (RSA)
<14>Jan 23 08:22:42 ec2: -----END SSH HOST KEY FINGERPRINTS-----
<14>Jan 23 08:22:42 ec2: #############################################################
-----BEGIN SSH HOST KEY KEYS-----
ecdsa-sha2-nistp256 AAAAE2VjZHNhLXNoYTItbmlzdHAyNTYAAAAIbmlzdHAyNTYAAABBBLEyqztG1z4JO10wRUk/gIfY0B+PSTq154e2GCEdpQauq3u3e+gMsKjlBMryJ4i3MCUSiI5lSG33C8z6cLPACOM= root@ubuntu-xenial
ssh-ed25519 AAAAC3NzaC1lZDI1NTE5AAAAILPIlCYm4dOCcSoOfpfc4ERD1eb1nOZbBSWxLFYA4yCv root@ubuntu-xenial
ssh-rsa AAAAB3NzaC1yc2EAAAADAQABAAABAQDf6ZdxM5MzJi0zCQ1Im2uU2k1xf6stegF/55CkJ8yCmzSEloOQv+gXzAERAdE+GKtSfIPjelV8wAEFWG/Er8ga69AecYydv+bfba/H2/fnr79SR487kf5pCCmi7gyXtHQO+Wu0zd77F8hIiYLG85xR256+TZbRO5oQShWwBdYWtXak4gozjSx6sNlp3ocpMSMFtQ1AIhkdphks1MYEluEwq1mMKMUujMI7x8yVt1uiAO4hvagfHHy9z/II34N6gOByHkATusRwO24yw1rFMd/YCOuW+wep65MnDGE7tEJBuvEPQIUD9LiN19Rxc+7F2WU2EqtFPhDKK2NHdLUrcgBt root@ubuntu-xenial
-----END SSH HOST KEY KEYS-----
[   57.340628] cloud-init[1458]: Cloud-init v. 17.1 running 'modules:final' at Tue, 23 Jan 2018 08:22:41 +0000. Up 56.41 seconds.
[   57.341013] cloud-init[1458]: ci-info: no authorized ssh keys fingerprints found for user ubuntu.
[   57.341177] cloud-init[1458]: Cloud-init v. 17.1 finished at Tue, 23 Jan 2018 08:22:42 +0000. Datasource DataSourceNoCloud [seed=/dev/sdb][dsmode=net].  Up 57.25 seconds
